client/pages/dashboard/IncidentHistory.tsx(249,94): error TS2304: Cannot find name 'Target'.
